
 * Documentation:  https://help.ubuntu.com
 * Management:     https://landscape.canonical.com
 * Support:        https://ubuntu.com/advantage

  System information as of Fri Feb 21 19:55:48 CET 2020

  System load:  0.0               Processes:             112
  Usage of /:   26.5% of 5.57GB   Users logged in:       0
  Memory usage: 8%                IP address for enp0s3: 192.168.0.85
  Swap usage:   0%

 * Multipass 1.0 is out! Get Ubuntu VMs on demand on your Linux, Windows or
   Mac. Supports cloud-init for fast, local, cloud devops simulation.

     https://multipass.run/

 * Canonical Livepatch is available for installation.
   - Reduce system reboots and improve kernel security. Activate at:
     https://ubuntu.com/livepatch

83 packages can be updated.
41 updates are security updates.


Last login: Fri Feb 21 19:51:17 2020 from 192.168.0.22
epoman@se85:~$ cd ~
epoman@se85:~$ cd /
epoman@se85:/$ sudo su -
root@se85:~# cls

Command 'cls' not found, but there are 17 similar ones.

root@se85:~# clear
root@se85:~# lsblk
NAME         MAJ:MIN RM  SIZE RO TYPE MOUNTPOINT
sda            8:0    0   30G  0 disk
├─sda1         8:1    0  525M  0 part /boot
└─sda2         8:2    0 29.5G  0 part
  ├─vg1-root 253:0    0  5.7G  0 lvm  /
  ├─vg1-swap 253:1    0  488M  0 lvm  [SWAP]
  └─vg1-var  253:2    0  5.7G  0 lvm  /var
sr0           11:0    1 1024M  0 rom
root@se85:~#
root@se85:~#
root@se85:~# df -ph
df: invalid option -- 'p'
Try 'df --help' for more information.
root@se85:~# df -Ph
Filesystem            Size  Used Avail Use% Mounted on
udev                  966M     0  966M   0% /dev
tmpfs                 200M  848K  199M   1% /run
/dev/mapper/vg1-root  5.6G  1.5G  3.8G  28% /
tmpfs                 997M     0  997M   0% /dev/shm
tmpfs                 5.0M     0  5.0M   0% /run/lock
tmpfs                 997M     0  997M   0% /sys/fs/cgroup
/dev/sda1             501M   77M  388M  17% /boot
/dev/mapper/vg1-var   5.6G  634M  4.7G  12% /var
tmpfs                 200M     0  200M   0% /run/user/1003
root@se85:~# shutdown -h now
Connection to 192.168.0.85 closed by remote host.
Connection to 192.168.0.85 closed.
[root@localhost ~]# ssh epoman@192.168.0.85
epoman@192.168.0.85's password:
Welcome to Ubuntu 18.04.3 LTS (GNU/Linux 4.15.0-29-generic x86_64)

 * Documentation:  https://help.ubuntu.com
 * Management:     https://landscape.canonical.com
 * Support:        https://ubuntu.com/advantage

  System information as of Fri Feb 21 20:04:42 CET 2020

  System load:  0.69              Processes:             120
  Usage of /:   26.5% of 5.57GB   Users logged in:       0
  Memory usage: 8%                IP address for enp0s3: 192.168.0.85
  Swap usage:   0%

 * Multipass 1.0 is out! Get Ubuntu VMs on demand on your Linux, Windows or
   Mac. Supports cloud-init for fast, local, cloud devops simulation.

     https://multipass.run/

 * Canonical Livepatch is available for installation.
   - Reduce system reboots and improve kernel security. Activate at:
     https://ubuntu.com/livepatch

83 packages can be updated.
41 updates are security updates.


Last login: Fri Feb 21 19:55:49 2020 from 192.168.0.22
epoman@se85:~$ sudo su -
root@se85:~# lsblk
NAME         MAJ:MIN RM  SIZE RO TYPE MOUNTPOINT
sda            8:0    0   30G  0 disk
├─sda1         8:1    0  525M  0 part /boot
└─sda2         8:2    0 29.5G  0 part
  ├─vg1-root 253:0    0  5.7G  0 lvm  /
  ├─vg1-swap 253:1    0  488M  0 lvm  [SWAP]
  └─vg1-var  253:2    0  5.7G  0 lvm  /var
sdb            8:16   0    3G  0 disk
sr0           11:0    1 1024M  0 rom
root@se85:~#
root@se85:~#
root@se85:~#
root@se85:~#
root@se85:~#
root@se85:~# fdisc

Command 'fdisc' not found, did you mean:

  command 'fdic' from snap fdic (1.0.8)
  command 'fdisk' from deb fdisk

See 'snap info <snapname>' for additional versions.

root@se85:~# fdisk
fdisk: bad usage
Try 'fdisk --help' for more information.
root@se85:~#
root@se85:~#
root@se85:~#
root@se85:~# fdisk /dev/sd
sda   sda1  sda2  sdb
root@se85:~# fdisk /dev/sdb

Welcome to fdisk (util-linux 2.31.1).
Changes will remain in memory only, until you decide to write them.
Be careful before using the write command.

Device does not contain a recognized partition table.
Created a new DOS disklabel with disk identifier 0xeff09d9f.

Command (m for help):


Command (m for help):


Command (m for help): m

Help:

  DOS (MBR)
   a   toggle a bootable flag
   b   edit nested BSD disklabel
   c   toggle the dos compatibility flag

  Generic
   d   delete a partition
   F   list free unpartitioned space
   l   list known partition types
   n   add a new partition
   p   print the partition table
   t   change a partition type
   v   verify the partition table
   i   print information about a partition

  Misc
   m   print this menu
   u   change display/entry units
   x   extra functionality (experts only)

  Script
   I   load disk layout from sfdisk script file
   O   dump disk layout to sfdisk script file

  Save & Exit
   w   write table to disk and exit
   q   quit without saving changes

  Create a new label
   g   create a new empty GPT partition table
   G   create a new empty SGI (IRIX) partition table
   o   create a new empty DOS partition table
   s   create a new empty Sun partition table


Command (m for help): p

Disk /dev/sdb: 3 GiB, 3221225472 bytes, 6291456 sectors
Units: sectors of 1 * 512 = 512 bytes
Sector size (logical/physical): 512 bytes / 512 bytes
I/O size (minimum/optimal): 512 bytes / 512 bytes
Disklabel type: dos
Disk identifier: 0xeff09d9f

Command (m for help): n
Partition type
   p   primary (0 primary, 0 extended, 4 free)
   e   extended (container for logical partitions)
Select (default p): p
Partition number (1-4, default 1):
First sector (2048-6291455, default 2048):
Last sector, +sectors or +size{K,M,G,T,P} (2048-6291455, default 6291455):

Created a new partition 1 of type 'Linux' and of size 3 GiB.

Command (m for help): p
Disk /dev/sdb: 3 GiB, 3221225472 bytes, 6291456 sectors
Units: sectors of 1 * 512 = 512 bytes
Sector size (logical/physical): 512 bytes / 512 bytes
I/O size (minimum/optimal): 512 bytes / 512 bytes
Disklabel type: dos
Disk identifier: 0xeff09d9f

Device     Boot Start     End Sectors Size Id Type
/dev/sdb1        2048 6291455 6289408   3G 83 Linux

Command (m for help): t
Selected partition 1
Hex code (type L to list all codes): L

 0  Empty           24  NEC DOS         81  Minix / old Lin bf  Solaris
 1  FAT12           27  Hidden NTFS Win 82  Linux swap / So c1  DRDOS/sec (FAT-
 2  XENIX root      39  Plan 9          83  Linux           c4  DRDOS/sec (FAT-
 3  XENIX usr       3c  PartitionMagic  84  OS/2 hidden or  c6  DRDOS/sec (FAT-
 4  FAT16 <32M      40  Venix 80286     85  Linux extended  c7  Syrinx
 5  Extended        41  PPC PReP Boot   86  NTFS volume set da  Non-FS data
 6  FAT16           42  SFS             87  NTFS volume set db  CP/M / CTOS / .
 7  HPFS/NTFS/exFAT 4d  QNX4.x          88  Linux plaintext de  Dell Utility
 8  AIX             4e  QNX4.x 2nd part 8e  Linux LVM       df  BootIt
 9  AIX bootable    4f  QNX4.x 3rd part 93  Amoeba          e1  DOS access
 a  OS/2 Boot Manag 50  OnTrack DM      94  Amoeba BBT      e3  DOS R/O
 b  W95 FAT32       51  OnTrack DM6 Aux 9f  BSD/OS          e4  SpeedStor
 c  W95 FAT32 (LBA) 52  CP/M            a0  IBM Thinkpad hi ea  Rufus alignment
 e  W95 FAT16 (LBA) 53  OnTrack DM6 Aux a5  FreeBSD         eb  BeOS fs
 f  W95 Ext'd (LBA) 54  OnTrackDM6      a6  OpenBSD         ee  GPT
10  OPUS            55  EZ-Drive        a7  NeXTSTEP        ef  EFI (FAT-12/16/
11  Hidden FAT12    56  Golden Bow      a8  Darwin UFS      f0  Linux/PA-RISC b
12  Compaq diagnost 5c  Priam Edisk     a9  NetBSD          f1  SpeedStor
14  Hidden FAT16 <3 61  SpeedStor       ab  Darwin boot     f4  SpeedStor
16  Hidden FAT16    63  GNU HURD or Sys af  HFS / HFS+      f2  DOS secondary
17  Hidden HPFS/NTF 64  Novell Netware  b7  BSDI fs         fb  VMware VMFS
18  AST SmartSleep  65  Novell Netware  b8  BSDI swap       fc  VMware VMKCORE
1b  Hidden W95 FAT3 70  DiskSecure Mult bb  Boot Wizard hid fd  Linux raid auto
1c  Hidden W95 FAT3 75  PC/IX           bc  Acronis FAT32 L fe  LANstep
1e  Hidden W95 FAT1 80  Old Minix       be  Solaris boot    ff  BBT
Hex code (type L to list all codes): 8e
Changed type of partition 'Linux' to 'Linux LVM'.

Command (m for help): p
Disk /dev/sdb: 3 GiB, 3221225472 bytes, 6291456 sectors
Units: sectors of 1 * 512 = 512 bytes
Sector size (logical/physical): 512 bytes / 512 bytes
I/O size (minimum/optimal): 512 bytes / 512 bytes
Disklabel type: dos
Disk identifier: 0xeff09d9f

Device     Boot Start     End Sectors Size Id Type
/dev/sdb1        2048 6291455 6289408   3G 8e Linux LVM

Command (m for help): m

Help:

  DOS (MBR)
   a   toggle a bootable flag
   b   edit nested BSD disklabel
   c   toggle the dos compatibility flag

  Generic
   d   delete a partition
   F   list free unpartitioned space
   l   list known partition types
   n   add a new partition
   p   print the partition table
   t   change a partition type
   v   verify the partition table
   i   print information about a partition

  Misc
   m   print this menu
   u   change display/entry units
   x   extra functionality (experts only)

  Script
   I   load disk layout from sfdisk script file
   O   dump disk layout to sfdisk script file

  Save & Exit
   w   write table to disk and exit
   q   quit without saving changes

  Create a new label
   g   create a new empty GPT partition table
   G   create a new empty SGI (IRIX) partition table
   o   create a new empty DOS partition table
   s   create a new empty Sun partition table


Command (m for help): p
Disk /dev/sdb: 3 GiB, 3221225472 bytes, 6291456 sectors
Units: sectors of 1 * 512 = 512 bytes
Sector size (logical/physical): 512 bytes / 512 bytes
I/O size (minimum/optimal): 512 bytes / 512 bytes
Disklabel type: dos
Disk identifier: 0xeff09d9f

Device     Boot Start     End Sectors Size Id Type
/dev/sdb1        2048 6291455 6289408   3G 8e Linux LVM

Command (m for help): w
The partition table has been altered.
Calling ioctl() to re-read partition table.
Syncing disks.

root@se85:~# lsblk
NAME         MAJ:MIN RM  SIZE RO TYPE MOUNTPOINT
sda            8:0    0   30G  0 disk
├─sda1         8:1    0  525M  0 part /boot
└─sda2         8:2    0 29.5G  0 part
  ├─vg1-root 253:0    0  5.7G  0 lvm  /
  ├─vg1-swap 253:1    0  488M  0 lvm  [SWAP]
  └─vg1-var  253:2    0  5.7G  0 lvm  /var
sdb            8:16   0    3G  0 disk
└─sdb1         8:17   0    3G  0 part
sr0           11:0    1 1024M  0 rom
root@se85:~# pvs
  PV         VG  Fmt  Attr PSize  PFree
  /dev/sda2  vg1 lvm2 a--  29.48g 17.57g
root@se85:~# pvcreate /dev/sda2
  Can't open /dev/sda2 exclusively.  Mounted filesystem?
root@se85:~# pvcreate /dev/sdb1
  Physical volume "/dev/sdb1" successfully created.
root@se85:~# pvs
  PV         VG  Fmt  Attr PSize  PFree
  /dev/sda2  vg1 lvm2 a--  29.48g 17.57g
  /dev/sdb1      lvm2 ---  <3.00g <3.00g
root@se85:~# vgs
  VG  #PV #LV #SN Attr   VSize  VFree
  vg1   1   3   0 wz--n- 29.48g 17.57g
root@se85:~#
root@se85:~# lvs
  LV   VG  Attr       LSize   Pool Origin Data%  Meta%  Move Log Cpy%Sync Convert
  root vg1 -wi-ao----  <5.72g
  swap vg1 -wi-ao---- 488.00m
  var  vg1 -wi-ao----  <5.72g
root@se85:~# lslbk

Command 'lslbk' not found, did you mean:

  command 'lsblk' from deb util-linux

Try: apt install <deb name>

root@se85:~# lsblk
NAME         MAJ:MIN RM  SIZE RO TYPE MOUNTPOINT
sda            8:0    0   30G  0 disk
├─sda1         8:1    0  525M  0 part /boot
└─sda2         8:2    0 29.5G  0 part
  ├─vg1-root 253:0    0  5.7G  0 lvm  /
  ├─vg1-swap 253:1    0  488M  0 lvm  [SWAP]
  └─vg1-var  253:2    0  5.7G  0 lvm  /var
sdb            8:16   0    3G  0 disk
└─sdb1         8:17   0    3G  0 part
sr0           11:0    1 1024M  0 rom
root@se85:~# vgextend
  No command with matching syntax recognised.  Run 'vgextend --help' for more information.
  Correct command syntax is:
  vgextend VG PV ...

root@se85:~# vg
vgcfgbackup    vgck           vgdisplay      vgimport       vgmknodes      vgrename       vgsplit
vgcfgrestore   vgconvert      vgexport       vgimportclone  vgreduce       vgs
vgchange       vgcreate       vgextend       vgmerge        vgremove       vgscan
root@se85:~# vgextend
  No command with matching syntax recognised.  Run 'vgextend --help' for more information.
  Correct command syntax is:
  vgextend VG PV ...

root@se85:~# vgextend vg1 /dev/sdb1
  Volume group "vg1" successfully extended
root@se85:~# vgs
  VG  #PV #LV #SN Attr   VSize  VFree
  vg1   2   3   0 wz--n- 32.48g <20.57g
root@se85:~# lsblk
NAME         MAJ:MIN RM  SIZE RO TYPE MOUNTPOINT
sda            8:0    0   30G  0 disk
├─sda1         8:1    0  525M  0 part /boot
└─sda2         8:2    0 29.5G  0 part
  ├─vg1-root 253:0    0  5.7G  0 lvm  /
  ├─vg1-swap 253:1    0  488M  0 lvm  [SWAP]
  └─vg1-var  253:2    0  5.7G  0 lvm  /var
sdb            8:16   0    3G  0 disk
└─sdb1         8:17   0    3G  0 part
sr0           11:0    1 1024M  0 rom
root@se85:~#
root@se85:~#
root@se85:~#
root@se85:~#
root@se85:~# vgs
  VG  #PV #LV #SN Attr   VSize  VFree
  vg1   2   3   0 wz--n- 32.48g <20.57g
root@se85:~#
root@se85:~#
root@se85:~#
root@se85:~# lvs
  LV   VG  Attr       LSize   Pool Origin Data%  Meta%  Move Log Cpy%Sync Convert
  root vg1 -wi-ao----  <5.72g
  swap vg1 -wi-ao---- 488.00m
  var  vg1 -wi-ao----  <5.72g
root@se85:~#
root@se85:~#
root@se85:~# lv
lvchange     lvdisplay    lvmconf      lvmdump      lvmsadc      lvremove     lvs
lvconvert    lvextend     lvmconfig    lvmetad      lvmsar       lvrename     lvscan
lvcreate     lvm          lvmdiskscan  lvmpolld     lvreduce     lvresize
root@se85:~# lvextend
  No command with matching syntax recognised.  Run 'lvextend --help' for more information.
root@se85:~# lvextend -L +1G /dev/vg1/
/dev/vg1/root  /dev/vg1/swap  /dev/vg1/var
root@se85:~# lvextend -L +1G /dev/vg1/
/dev/vg1/root  /dev/vg1/swap  /dev/vg1/var
root@se85:~# lvextend -L +1G /dev/vg1/var
  Size of logical volume vg1/var changed from <5.72 GiB (1464 extents) to <6.72 GiB (1720 extents).
  Logical volume vg1/var successfully resized.
root@se85:~# lsblk
NAME         MAJ:MIN RM  SIZE RO TYPE MOUNTPOINT
sda            8:0    0   30G  0 disk
├─sda1         8:1    0  525M  0 part /boot
└─sda2         8:2    0 29.5G  0 part
  ├─vg1-root 253:0    0  5.7G  0 lvm  /
  ├─vg1-swap 253:1    0  488M  0 lvm  [SWAP]
  └─vg1-var  253:2    0  6.7G  0 lvm  /var
sdb            8:16   0    3G  0 disk
└─sdb1         8:17   0    3G  0 part
sr0           11:0    1 1024M  0 rom
root@se85:~#
root@se85:~#
root@se85:~#
root@se85:~#
root@se85:~#
root@se85:~#
root@se85:~#
root@se85:~#
root@se85:~#
root@se85:~#
root@se85:~# lsblk
NAME         MAJ:MIN RM  SIZE RO TYPE MOUNTPOINT
sda            8:0    0   30G  0 disk
├─sda1         8:1    0  525M  0 part /boot
└─sda2         8:2    0 29.5G  0 part
  ├─vg1-root 253:0    0  5.7G  0 lvm  /
  ├─vg1-swap 253:1    0  488M  0 lvm  [SWAP]
  └─vg1-var  253:2    0  6.7G  0 lvm  /var
sdb            8:16   0    3G  0 disk
└─sdb1         8:17   0    3G  0 part
sr0           11:0    1 1024M  0 rom
root@se85:~# lvs
  LV   VG  Attr       LSize   Pool Origin Data%  Meta%  Move Log Cpy%Sync Convert
  root vg1 -wi-ao----  <5.72g
  swap vg1 -wi-ao---- 488.00m
  var  vg1 -wi-ao----  <6.72g
root@se85:~# df -Ph /var
Filesystem           Size  Used Avail Use% Mounted on
/dev/mapper/vg1-var  5.6G  633M  4.7G  12% /var
root@se85:~#
root@se85:~#
root@se85:~# df -PhT /var
Filesystem          Type  Size  Used Avail Use% Mounted on
/dev/mapper/vg1-var ext4  5.6G  633M  4.7G  12% /var
root@se85:~#
root@se85:~#
root@se85:~# resize2fs
¦                            .gnupg/                      .tmux.conf.local
01-netcfg.192.168.0.85.yaml  postinstallCheck.sh          .vim/
.bash_history                .profile                     .viminfo
.bashrc                      smb                          .wget-hsts
bin/                         .ssh/                        .Xauthority
.cache/                      .tmux/
.config/                     .tmux.conf
root@se85:~# resize2fs /dev/dev/mapper/vg1-var
resize2fs 1.44.1 (24-Mar-2018)
open: No such file or directory while opening /dev/dev/mapper/vg1-var
root@se85:~# resize2fs /dev/mapper/vg1-var
resize2fs 1.44.1 (24-Mar-2018)
Filesystem at /dev/mapper/vg1-var is mounted on /var; on-line resizing required
old_desc_blocks = 1, new_desc_blocks = 1
The filesystem on /dev/mapper/vg1-var is now 1761280 (4k) blocks long.

root@se85:~# df -PhT /var
Filesystem          Type  Size  Used Avail Use% Mounted on
/dev/mapper/vg1-var ext4  6.6G  636M  5.6G  10% /var
root@se85:~# lsblk
NAME         MAJ:MIN RM  SIZE RO TYPE MOUNTPOINT
sda            8:0    0   30G  0 disk
├─sda1         8:1    0  525M  0 part /boot
└─sda2         8:2    0 29.5G  0 part
  ├─vg1-root 253:0    0  5.7G  0 lvm  /
  ├─vg1-swap 253:1    0  488M  0 lvm  [SWAP]
  └─vg1-var  253:2    0  6.7G  0 lvm  /var
sdb            8:16   0    3G  0 disk
└─sdb1         8:17   0    3G  0 part
sr0           11:0    1 1024M  0 rom
root@se85:~#
root@se85:~#
root@se85:~#
root@se85:~#
root@se85:~#
root@se85:~#
root@se85:~#
root@se85:~#
root@se85:~#
root@se85:~#
root@se85:~#
root@se85:~#
root@se85:~#
root@se85:~#
root@se85:~#
root@se85:~#
root@se85:~#
root@se85:~#
root@se85:~# lsblk
NAME         MAJ:MIN RM  SIZE RO TYPE MOUNTPOINT
sda            8:0    0   30G  0 disk
├─sda1         8:1    0  525M  0 part /boot
└─sda2         8:2    0 29.5G  0 part
  ├─vg1-root 253:0    0  5.7G  0 lvm  /
  ├─vg1-swap 253:1    0  488M  0 lvm  [SWAP]
  └─vg1-var  253:2    0  6.7G  0 lvm  /var
sdb            8:16   0    3G  0 disk
└─sdb1         8:17   0    3G  0 part
sr0           11:0    1 1024M  0 rom
root@se85:~# init 6
Connection to 192.168.0.85 closed by remote host.
Connection to 192.168.0.85 closed.
[root@localhost ~]# ssh epoman@192.168.0.85
epoman@192.168.0.85's password:
Welcome to Ubuntu 18.04.3 LTS (GNU/Linux 4.15.0-29-generic x86_64)

 * Documentation:  https://help.ubuntu.com
 * Management:     https://landscape.canonical.com
 * Support:        https://ubuntu.com/advantage

  System information as of Fri Feb 21 20:32:00 CET 2020

  System load:  0.18              Processes:             121
  Usage of /:   26.5% of 5.57GB   Users logged in:       0
  Memory usage: 8%                IP address for enp0s3: 192.168.0.85
  Swap usage:   0%

 * Multipass 1.0 is out! Get Ubuntu VMs on demand on your Linux, Windows or
   Mac. Supports cloud-init for fast, local, cloud devops simulation.

     https://multipass.run/

 * Canonical Livepatch is available for installation.
   - Reduce system reboots and improve kernel security. Activate at:
     https://ubuntu.com/livepatch

83 packages can be updated.
41 updates are security updates.


Last login: Fri Feb 21 20:13:52 2020 from 192.168.0.107
sudo sepoman@se85:~$ sudo su -
root@se85:~#
root@se85:~#
root@se85:~#
root@se85:~#
root@se85:~#
root@se85:~#
root@se85:~#
root@se85:~#
root@se85:~# lsblk
NAME         MAJ:MIN RM  SIZE RO TYPE MOUNTPOINT
sda            8:0    0   30G  0 disk
├─sda1         8:1    0  525M  0 part /boot
└─sda2         8:2    0 29.5G  0 part
  ├─vg1-root 253:0    0  5.7G  0 lvm  /
  ├─vg1-swap 253:1    0  488M  0 lvm  [SWAP]
  └─vg1-var  253:2    0  6.7G  0 lvm  /var
sdb            8:16   0    3G  0 disk
└─sdb1         8:17   0    3G  0 part
sr0           11:0    1 1024M  0 rom
root@se85:~# df
Filesystem           1K-blocks    Used Available Use% Mounted on
udev                    989148       0    989148   0% /dev
tmpfs                   204116     832    203284   1% /run
/dev/mapper/vg1-root   5836736 1544196   3976332  28% /
tmpfs                  1020564       0   1020564   0% /dev/shm
tmpfs                     5120       0      5120   0% /run/lock
tmpfs                  1020564       0   1020564   0% /sys/fs/cgroup
/dev/sda1               512752   78364    396756  17% /boot
/dev/mapper/vg1-var    6868920  659132   5852952  11% /var
tmpfs                   204112       0    204112   0% /run/user/1003
root@se85:~# df -h
Filesystem            Size  Used Avail Use% Mounted on
udev                  966M     0  966M   0% /dev
tmpfs                 200M  832K  199M   1% /run
/dev/mapper/vg1-root  5.6G  1.5G  3.8G  28% /
tmpfs                 997M     0  997M   0% /dev/shm
tmpfs                 5.0M     0  5.0M   0% /run/lock
tmpfs                 997M     0  997M   0% /sys/fs/cgroup
/dev/sda1             501M   77M  388M  17% /boot
/dev/mapper/vg1-var   6.6G  644M  5.6G  11% /var
tmpfs                 200M     0  200M   0% /run/user/1003
root@se85:~#
root@se85:~#
root@se85:~#
root@se85:~#
root@se85:~#
root@se85:~#
root@se85:~#
root@se85:~#
root@se85:~#
root@se85:~#
root@se85:~#
root@se85:~# df -h
Filesystem            Size  Used Avail Use% Mounted on
udev                  966M     0  966M   0% /dev
tmpfs                 200M  832K  199M   1% /run
/dev/mapper/vg1-root  5.6G  1.5G  3.8G  28% /
tmpfs                 997M     0  997M   0% /dev/shm
tmpfs                 5.0M     0  5.0M   0% /run/lock
tmpfs                 997M     0  997M   0% /sys/fs/cgroup
/dev/sda1             501M   77M  388M  17% /boot
/dev/mapper/vg1-var   6.6G  644M  5.6G  11% /var
tmpfs                 200M     0  200M   0% /run/user/1003
root@se85:~# df -m
Filesystem           1M-blocks  Used Available Use% Mounted on
udev                       966     0       966   0% /dev
tmpfs                      200     1       199   1% /run
/dev/mapper/vg1-root      5700  1509      3884  28% /
tmpfs                      997     0       997   0% /dev/shm
tmpfs                        5     0         5   0% /run/lock
tmpfs                      997     0       997   0% /sys/fs/cgroup
/dev/sda1                  501    77       388  17% /boot
/dev/mapper/vg1-var       6708   644      5716  11% /var
tmpfs                      200     0       200   0% /run/user/1003
root@se85:~# df -i
Filesystem           Inodes IUsed  IFree IUse% Mounted on
udev                 247287   463 246824    1% /dev
tmpfs                255141   686 254455    1% /run
/dev/mapper/vg1-root 375360 79951 295409   22% /
tmpfs                255141     1 255140    1% /dev/shm
tmpfs                255141     4 255137    1% /run/lock
tmpfs                255141    18 255123    1% /sys/fs/cgroup
/dev/sda1             33600   310  33290    1% /boot
/dev/mapper/vg1-var  440640  3463 437177    1% /var
tmpfs                255141    10 255131    1% /run/user/1003
root@se85:~# vim /etc/fstab
# /etc/fstab: static file system information.
#
# Use 'blkid' to print the universally unique identifier for a
# device; this may be used with UUID= as a more robust way to name devices
# that works even if disks are added and removed. See fstab(5).
#
# <file system> <mount point>   <type>  <options>       <dump>  <pass>
/dev/mapper/vg1-root /               ext4    noatime,errors=remount-ro 0       1
# /boot was on /dev/sda1 during installation
UUID=888f4ade-e045-49e7-bd29-3b752a3e2a52 /boot           ext4    defaults,noatime        0       2
/dev/mapper/vg1-var /var            ext4    defaults,noatime        0       2
/dev/mapper/vg1-swap none            swap    sw              0       0

//192.168.0.213/linux-share     /mnt/saturn     cifs    _netdev,defaults,vers=3.0,credentials=/root/smb 0 0
~
~
~
~
~
~
~
~
~
~
~
~
~
~
~
~
~
~
~
~
"/etc/fstab" 14L, 796C                                                                       14,96-107     All
